// Jest Snapshot v1, https://goo.gl/fbAQLP

exports[`angular Snapshots angular: complex make-usage nested mt-if 1`] = `
Object {
  "angular": "",
}
`;
