// Jest Snapshot v1, https://goo.gl/fbAQLP

exports[`React JS Snapshots makeIndexImports 1`] = `
Object {
  "react-ts/index.tsx": "// DEVELOPER NOTE: These components are ready to lazy-load. You may also import components directly.

export const blah.js = () => import(\\"./blah.js\\");
",
  "react-ts/indexNotLazy.tsx": "// DEVELOPER NOTE: This file includes all components so importing this file may be very inefficient. Use carefully! You may prefer to import components directly or use index.js which has import functions, typically treated as a code splitting point.

export { default as blahJs } from \\"./blah.js\\";
",
}
`;

exports[`React JS Snapshots react-js: <img src="pic.jpeg" class="frogs"> 1`] = `
Object {
  "disposeAll": [Function],
  "metaTemplates": Array [
    Object {
      "files": Object {
        "react-js/imgSrc.js": "import React from \\"react\\";

const ImgSrc = ({ src, width, height, srcset, crossorigin }) => (
  <img
    className=\\"frogs\\"
    src={src}
    width={width}
    height={height}
    srcSet={srcset}
    crossOrigin={crossorigin}
  />
);

export default ImgSrc;
",
      },
      "formatId": "react-js",
    },
  ],
}
`;

exports[`React JS Snapshots react-js: Basic variables 1`] = `
Object {
  "disposeAll": [Function],
  "metaTemplates": Array [
    Object {
      "files": Object {
        "react-js/paragraph.js": "import React from \\"react\\";

const Paragraph = ({ children }) => (
  <p>
    {children !== undefined ? (
      children
    ) : (
      <React.Fragment>Some placeholder text</React.Fragment>
    )}
  </p>
);

export default Paragraph;
",
      },
      "formatId": "react-js",
    },
  ],
}
`;

exports[`React JS Snapshots react-js: Boolean attribute values 1`] = `
Array [
  Object {
    "files": Object {
      "react-js/row.js": "import React from \\"react\\";

const Row = ({ isReversed, children }) => (
  <div className={\`g-flex-row\${isReversed ? \\" g-flex-reverse\\" : \\"\\"}\`}>
    {children !== undefined ? (
      children
    ) : (
      <React.Fragment>Columns</React.Fragment>
    )}
  </div>
);

export default Row;
",
    },
    "formatId": "react-js",
  },
]
`;

exports[`React JS Snapshots react-js: Boolean attribute values 2`] = `
Array [
  Object {
    "files": Object {
      "react-js/row.js": "import React from \\"react\\";

const Row = ({ errorId, hintId, legend, hint, error, children }) => (
  <div className={\`g-form-group\${errorId ? \\" g-form-group--error\\" : \\"\\"}\`}>
    <fieldset
      aria-describedby={
        hintId !== undefined || errorId !== undefined
          ? \`\${hintId ? hintId : \\"\\"}\${errorId ? \\" \\" + errorId : \\"\\"}\`
          : undefined
      }
      className=\\"g-fieldset\\"
    >
      <legend className=\\"g-fieldset__legend\\">
        {legend !== undefined ? (
          legend
        ) : (
          <React.Fragment>Legend text</React.Fragment>
        )}
      </legend>
      {hintId !== undefined ? (
        <React.Fragment>
          <div className=\\"g-hint\\" id={hintId}>
            {hint !== undefined ? (
              hint
            ) : (
              <React.Fragment>Hint text</React.Fragment>
            )}
          </div>
        </React.Fragment>
      ) : (
        \\"\\"
      )}
      {errorId !== undefined ? (
        <React.Fragment>
          <div className=\\"g-error-message\\" id={errorId}>
            <span className=\\"g-visually-hidden\\">Error:</span>
            {error !== undefined ? (
              error
            ) : (
              <React.Fragment>Error text</React.Fragment>
            )}
          </div>
        </React.Fragment>
      ) : (
        \\"\\"
      )}
      <div>
        {children !== undefined ? (
          children
        ) : (
          <React.Fragment>Fieldset contents</React.Fragment>
        )}
      </div>
    </fieldset>
  </div>
);

export default Row;
",
    },
    "formatId": "react-js",
  },
]
`;

exports[`React JS Snapshots react-js: Enum attribute values 1`] = `
Array [
  Object {
    "files": Object {
      "react-js/container.js": "import React from \\"react\\";

const constants = {
  containerType: {
    \\"g-flex-container\\": \\"g-flex-container\\",
    \\"g-flex-container-fluid\\": \\"g-flex-container-fluid\\"
  }
};

const Container = ({ containerType, children }) => (
  <div
    className={
      constants.containerType[containerType] !== undefined
        ? constants.containerType[containerType]
        : \\"\\"
    }
  >
    {children !== undefined ? (
      children
    ) : (
      <React.Fragment>Rows...</React.Fragment>
    )}
  </div>
);

export default Container;
",
    },
    "formatId": "react-js",
  },
]
`;

exports[`React JS Snapshots react-js: Form input[checked] 1`] = `
Object {
  "disposeAll": [Function],
  "metaTemplates": Array [
    Object {
      "files": Object {
        "react-js/input.js": "import React from \\"react\\";

const Input = ({
  textId,
  disabled,
  readOnly,
  autoFocus,
  name,
  value,
  checked,
  onChange,
  ref
}) => (
  <input
    id={textId}
    type=\\"checkbox\\"
    disabled={disabled}
    readOnly={readOnly}
    autoFocus={autoFocus}
    name={name}
    value={value}
    checked={checked}
    onChange={onChange}
    ref={ref}
  />
);

export default Input;
",
      },
      "formatId": "react-js",
    },
  ],
}
`;

exports[`React JS Snapshots react-js: Form label input[checked] 1`] = `
Object {
  "disposeAll": [Function],
  "metaTemplates": Array [
    Object {
      "files": Object {
        "react-js/input.js": "import React from \\"react\\";

const Input = ({
  textId,
  disabled,
  readOnly,
  autoFocus,
  name,
  value,
  checked,
  onChange,
  ref
}) => (
  <label htmlFor={textId}>
    <input
      id={textId}
      type=\\"checkbox\\"
      disabled={disabled}
      readOnly={readOnly}
      autoFocus={autoFocus}
      name={name}
      value={value}
      checked={checked}
      onChange={onChange}
      ref={ref}
    />
  </label>
);

export default Input;
",
      },
      "formatId": "react-js",
    },
  ],
}
`;

exports[`React JS Snapshots react-js: H1 with configurable Id 1`] = `
Object {
  "disposeAll": [Function],
  "metaTemplates": Array [
    Object {
      "files": Object {
        "react-js/h1Id.js": "import React from \\"react\\";

const H1Id = ({ id }) => <h1 id={id}>stuff</h1>;

export default H1Id;
",
      },
      "formatId": "react-js",
    },
  ],
}
`;

exports[`React JS Snapshots react-js: Link with boolean class 1`] = `
Array [
  Object {
    "files": Object {
      "react-js/a.js": "import React from \\"react\\";

const A = ({ isMuted, href, rel, target, onClick, children }) => (
  <a
    className={\`g-link\${isMuted ? \\" g-link--muted\\" : \\"\\"}\`}
    href={href}
    rel={rel}
    target={target}
    onClick={onClick}
  >
    {children !== undefined ? (
      children
    ) : (
      <React.Fragment>Example text</React.Fragment>
    )}
  </a>
);

export default A;
",
    },
    "formatId": "react-js",
  },
]
`;

exports[`React JS Snapshots react-js: Lots of enum attribute values 1`] = `
Array [
  Object {
    "files": Object {
      "react-js/container.js": "import React from \\"react\\";

const constants = {
  columnXs: {
    \\"g-flex-col-xs\\": \\"g-flex-col-xs\\",
    \\"g-flex-col-xs-1\\": \\"g-flex-col-xs-1\\",
    \\"g-flex-col-xs-2\\": \\"g-flex-col-xs-2\\",
    \\"g-flex-col-xs-3\\": \\"g-flex-col-xs-3\\",
    \\"g-flex-col-xs-4\\": \\"g-flex-col-xs-4\\",
    \\"g-flex-col-xs-5\\": \\"g-flex-col-xs-5\\",
    \\"g-flex-col-xs-6\\": \\"g-flex-col-xs-6\\",
    \\"g-flex-col-xs-7\\": \\"g-flex-col-xs-7\\",
    \\"g-flex-col-xs-8\\": \\"g-flex-col-xs-8\\",
    \\"g-flex-col-xs-9\\": \\"g-flex-col-xs-9\\",
    \\"g-flex-col-xs-10\\": \\"g-flex-col-xs-10\\",
    \\"g-flex-col-xs-11\\": \\"g-flex-col-xs-11\\",
    \\"g-flex-col-xs-12\\": \\"g-flex-col-xs-12\\"
  }
};

const Container = ({ isReversed, columnXs, children }) => (
  <div
    className={\`g-flex-col\${isReversed ? \\" g-flex-reverse\\" : \\"\\"}\${
      constants.columnXs[columnXs] !== undefined
        ? \\" \\" + constants.columnXs[columnXs]
        : \\"\\"
    }\`}
  >
    {children !== undefined ? (
      children
    ) : (
      <React.Fragment>Columns</React.Fragment>
    )}
  </div>
);

export default Container;
",
    },
    "formatId": "react-js",
  },
]
`;

exports[`React JS Snapshots react-js: form input[text] 1`] = `
Object {
  "disposeAll": [Function],
  "metaTemplates": Array [
    Object {
      "files": Object {
        "react-js/input.js": "import React from \\"react\\";

const Input = ({
  textId,
  disabled,
  readOnly,
  autoFocus,
  name,
  value,
  spellCheck,
  maxLength,
  autoComplete,
  onChange,
  ref
}) => (
  <React.Fragment>
    <label htmlFor={textId}>Label text</label>
    <input
      id={textId}
      type=\\"text\\"
      disabled={disabled}
      readOnly={readOnly}
      autoFocus={autoFocus}
      name={name}
      value={value}
      spellCheck={spellCheck}
      maxLength={maxLength}
      autoComplete={autoComplete}
      onChange={onChange}
      ref={ref}
    />
  </React.Fragment>
);

export default Input;
",
      },
      "formatId": "react-js",
    },
  ],
}
`;

exports[`React JS react-js: CSS Configuration (CSS Variables and Scss Variables) 1`] = `
Array [
  Object {
    "files": Object {
      "react-js/a.js": "import React from \\"react\\";

const A = ({ isMuted, href, rel, target, onClick, children }) => (
  <a
    className={\`g-link\${isMuted ? \\" g-link--muted\\" : \\"\\"}\`}
    href={href}
    rel={rel}
    target={target}
    onClick={onClick}
  >
    {children !== undefined ? (
      children
    ) : (
      <React.Fragment>Example text</React.Fragment>
    )}
  </a>
);

export default A;
",
    },
    "formatId": "react-js",
  },
]
`;

exports[`React JS react-js: CSS Configuration (CSS Variables and Scss Variables) 2`] = `
Array [
  Object {
    "files": Object {
      "react-js/a.js": "import React from \\"react\\";

const A = ({ isMuted, href, rel, target, onClick, children }) => (
  <a
    className={\`g-link\${isMuted ? \\" g-link--muted\\" : \\"\\"}\`}
    href={href}
    rel={rel}
    target={target}
    onClick={onClick}
  >
    {children !== undefined ? (
      children
    ) : (
      <React.Fragment>Example text</React.Fragment>
    )}
  </a>
);

export default A;
",
    },
    "formatId": "react-js",
  },
]
`;

exports[`React JS react-js: CSS Configuration of Fonts 1`] = `
Array [
  Object {
    "files": Object {
      "react-js/a.js": "import React from \\"react\\";

const A = ({ href, rel, target, onClick, children }) => (
  <a className=\\"g-link\\" href={href} rel={rel} target={target} onClick={onClick}>
    {children !== undefined ? (
      children
    ) : (
      <React.Fragment>Example text</React.Fragment>
    )}
  </a>
);

export default A;
",
    },
    "formatId": "react-js",
  },
]
`;

exports[`React JS react-js: CalculatedProps 1`] = `
Object {
  "disposeAll": [Function],
  "metaTemplates": Array [
    Object {
      "files": Object {
        "react-js/textbox.js": "import React from \\"react\\";

const Textbox = ({
  disabled,
  readOnly,
  autoFocus,
  name,
  value,
  min,
  max,
  type,
  spellCheck,
  maxLength,
  autoComplete,
  onChange,
  ref
}) => (
  <input
    disabled={disabled}
    readOnly={readOnly}
    autoFocus={autoFocus}
    name={name}
    value={value}
    min={min}
    max={max}
    type={type}
    spellCheck={spellCheck}
    maxLength={maxLength}
    autoComplete={autoComplete}
    onChange={onChange}
    ref={ref}
  />
);

const Textbox__calculated = props =>
  React.createElement(Textbox, {
    ...props,
    textValueLength: (props => {
      return textValue.length;
    })(props)
  });

export { Textbox };

export default Textbox__calculated;
",
      },
      "formatId": "react-js",
    },
  ],
}
`;

exports[`React JS react-js: jsxToUsageCode with boolean false 1`] = `
Object {
  "react-js": "import React from \\"react\\";
import Ul from \\"@govtnz/ds/build/react-js/Ul\\";
import \\"@govtnz/ds/build/css/Ul.css\\"; // or @govtnz/ds/build/scss/Ul.scss
import Li from \\"@govtnz/ds/build/react-js/Li\\";
import \\"@govtnz/ds/build/css/Li.css\\"; // or @govtnz/ds/build/scss/Li.scss

export default () => (
  <Ul isBulleted=\\"false\\">
    <Li>Unordered item one</Li>
    <Li>Unordered item two</Li>
  </Ul>
);
",
}
`;

exports[`React JS react-js: jsxToUsageCode with boolean false and inline HTML 1`] = `
Object {
  "react-js": "import React from \\"react\\";
import Ul from \\"@govtnz/ds/build/react-js/Ul\\";
import \\"@govtnz/ds/build/css/Ul.css\\"; // or @govtnz/ds/build/scss/Ul.scss
import Li from \\"@govtnz/ds/build/react-js/Li\\";
import \\"@govtnz/ds/build/css/Li.css\\"; // or @govtnz/ds/build/scss/Li.scss

export default () => (
  <Ul isBulleted=\\"false\\">
    <Li>
      Unordered<a href=\\"http://zombo.com/\\">item one</a>
    </Li>
    <Li>Unordered item two</Li>
  </Ul>
);
",
}
`;

exports[`React JS react-js: jsxToUsageCode with boolean true 1`] = `
Object {
  "react-js": "import React from \\"react\\";
import Ul from \\"@govtnz/ds/build/react-js/Ul\\";
import \\"@govtnz/ds/build/css/Ul.css\\"; // or @govtnz/ds/build/scss/Ul.scss
import Li from \\"@govtnz/ds/build/react-js/Li\\";
import \\"@govtnz/ds/build/css/Li.css\\"; // or @govtnz/ds/build/scss/Li.scss

export default () => (
  <Ul isBulleted>
    <Li>Unordered item one</Li>
    <Li>Unordered item two</Li>
  </Ul>
);
",
}
`;

exports[`React JS react-js: jsxToUsageCode with enumerations 1`] = `
Object {
  "react-js": "import React from \\"react\\";
import Div from \\"@govtnz/ds/build/react-js/Div\\";
import \\"@govtnz/ds/build/css/Div.css\\"; // or @govtnz/ds/build/scss/Div.scss

export default () => <Div containerType=\\"fixed\\" />;
",
}
`;

exports[`React JS react-js: makeUsage 1`] = `
Object {
  "react-js": "import React from \\"react\\";
import H1 from \\"@govtnz/ds/build/react-js/H1\\";
import \\"@govtnz/ds/build/css/H1.css\\"; // or @govtnz/ds/build/scss/H1.scss
import A from \\"@govtnz/ds/build/react-js/A\\";
import \\"@govtnz/ds/build/css/A.css\\"; // or @govtnz/ds/build/scss/A.scss

export default () => (
  <H1>
    <A href=\\"https://html5zombo.com/\\" reversed=\\"On\\">
      Click me
    </A>
  </H1>
);
",
}
`;

exports[`React JS react-js: makeUsage with booleans 1`] = `
Object {
  "react-js": "import React from \\"react\\";
import H1 from \\"@govtnz/ds/build/react-js/H1\\";
import \\"@govtnz/ds/build/css/H1.css\\"; // or @govtnz/ds/build/scss/H1.scss
import A from \\"@govtnz/ds/build/react-js/A\\";
import \\"@govtnz/ds/build/css/A.css\\"; // or @govtnz/ds/build/scss/A.scss

export default () => (
  <H1>
    <A href=\\"https://html5zombo.com/\\" isReversed>
      Click me
    </A>
  </H1>
);
",
}
`;

exports[`React JS react-js: renders aria-current 1`] = `
Object {
  "disposeAll": [Function],
  "metaTemplates": Array [
    Object {
      "files": Object {
        "react-js/ariacurrent.js": "import React from \\"react\\";

const Ariacurrent = ({ ariaCurrent, href, rel, target, onClick }) => (
  <a
    aria-current={ariaCurrent}
    href={href}
    rel={rel}
    target={target}
    onClick={onClick}
  >
    test
  </a>
);

export default Ariacurrent;
",
      },
      "formatId": "react-js",
    },
  ],
}
`;

exports[`React JS react-js: retains name prop 1`] = `
Object {
  "disposeAll": [Function],
  "metaTemplates": Array [
    Object {
      "files": Object {
        "react-js/textboxes.js": "import React from \\"react\\";

const Textboxes = ({
  yearId,
  disabled,
  readOnly,
  autoFocus,
  yearName,
  value,
  spellCheck,
  autoComplete,
  onChange,
  ref,
  monthId,
  monthName,
  value2,
  onChange2,
  ref2,
  dayId,
  dayName,
  value3,
  onChange3,
  ref3
}) => (
  <React.Fragment>
    <input
      id={yearId}
      maxLength={4}
      name={yearName}
      type=\\"text\\"
      disabled={disabled}
      readOnly={readOnly}
      autoFocus={autoFocus}
      value={value}
      spellCheck={spellCheck}
      autoComplete={autoComplete}
      onChange={onChange}
      ref={ref}
    />
    <input
      id={monthId}
      maxLength={2}
      name={monthName}
      type=\\"text\\"
      value={value2}
      disabled={disabled}
      readOnly={readOnly}
      autoFocus={autoFocus}
      spellCheck={spellCheck}
      autoComplete={autoComplete}
      onChange={onChange2}
      ref={ref2}
    />
    <input
      id={dayId}
      maxLength={2}
      name={dayName}
      type=\\"text\\"
      value={value3}
      disabled={disabled}
      readOnly={readOnly}
      autoFocus={autoFocus}
      spellCheck={spellCheck}
      autoComplete={autoComplete}
      onChange={onChange3}
      ref={ref3}
    />
  </React.Fragment>
);

export default Textboxes;
",
      },
      "formatId": "react-js",
    },
  ],
}
`;
