// Jest Snapshot v1, https://goo.gl/fbAQLP

exports[`React JS with Styled Components Snapshots react-js-styled-components: complex make-usage nested mt-if 1`] = `
Object {
  "react-js-styled-components": "import React from \\"react\\";
import Alert from \\"@govtnz/ds/build/react-js-styled-components/Alert\\";
import H2 from \\"@govtnz/ds/build/react-js-styled-components/H2\\";
import P from \\"@govtnz/ds/build/react-js-styled-components/P\\";
import Ul from \\"@govtnz/ds/build/react-js-styled-components/Ul\\";

export default () => (
  <React.Fragment>
    <Alert mode=\\"live\\" level=\\"info\\" headingId=\\"heading1\\">
      <H2 id=\\"heading1\\">Info: You are alive</H2>
      <P>Some text describing what's going on 1.</P>
    </Alert>
    <Alert level=\\"warning\\" headingId=\\"heading2\\">
      <H2 id=\\"heading2\\">Warning: You are alive</H2>
      <P>Some text describing what's going on 2.</P>
    </Alert>
    <Alert level=\\"success\\" headingId=\\"heading3\\">
      <H2 id=\\"heading3\\">Success: You are alive</H2>
      <P>Some text describing what's going on 3.</P>
    </Alert>
    <Alert level=\\"error\\" headingId=\\"heading4\\">
      <H2 id=\\"heading4\\">Error: You are alive</H2>
      <Ul bulleted>
        <li>
          <a href=\\"#\\">Error in this field 4</a>
        </li>
      </Ul>
    </Alert>
  </React.Fragment>
);
",
}
`;
